00:00:00.002463 main     VirtualBox COM Server 7.0.20 r163906 win.amd64 (Jul 10 2024 14:54:08) release log
00:00:00.002464 main     Log opened 2024-12-20T08:59:51.677740600Z
00:00:00.002465 main     Build Type: release
00:00:00.002469 main     OS Product: Windows 11
00:00:00.002470 main     OS Release: 10.0.26100
00:00:00.002470 main     OS Service Pack: 
00:00:00.024148 main     DMI Product Name: 82FG
00:00:00.037308 main     DMI Product Version: IdeaPad 5 15ITL05
00:00:00.037323 main     Firmware type: UEFI
00:00:00.037768 main     Secure Boot: VERR_PRIVILEGE_NOT_HELD
00:00:00.037796 main     Host RAM: 7975MB (7.7GB) total, 3138MB (3.0GB) available
00:00:00.037801 main     Executable: C:\Program Files\Oracle\VirtualBox\VBoxSVC.exe
00:00:00.037801 main     Process ID: 1216
00:00:00.037802 main     Package type: WINDOWS_64BITS_GENERIC
00:00:00.049347          VirtualBox: object creation starts
00:00:00.049586          Home directory: 'C:\Users\Lenovo\.VirtualBox'
00:00:00.049800          Installed Drivers:
00:00:00.077877          Loading settings file "C:\Users\Lenovo\.VirtualBox\VirtualBox.xml" with version "1.12-windows"
00:00:00.079240          usbLibGetDevices: Starting USB device enumeration
00:00:00.115556          Getting USB descriptor (id 0) failed (dwErr=31) on hub USB#ROOT_HUB30#4&4909672&0&0#{f18a0e88-c30c-11d0-8815-00a0c906bed8} port 5
00:00:00.115663          Getting USB descriptor (id 0) failed (dwErr=31) on hub USB#ROOT_HUB30#4&4909672&0&0#{f18a0e88-c30c-11d0-8815-00a0c906bed8} port 10
00:00:00.118750          usbLibGetDevices: Found 2 USB devices, 0 captured
00:00:00.118827          USB: Unknown USB device detected (idVendor: 0x174f, idProduct: 0x2459)
00:00:00.118882          USB: Unknown USB device detected (idVendor: 0x8087, idProduct: 0x0aaa)
00:00:00.159442          netIfIsWireless: CreateFile on '\\.\{3143235F-D585-4C28-8B68-3DB21A533D1A}' failed with rcWin=2 (0x2) - ignoring
00:00:00.167819          HostDnsMonitor: initializing
00:00:00.176228          HostDnsMonitor: updating information
00:00:00.176260          HostDnsMonitor: old information
00:00:00.176260            no server entries
00:00:00.176261            no domain set
00:00:00.176261            no search string entries
00:00:00.176262          HostDnsMonitor: new information
00:00:00.176262            server 1: 8.8.8.8
00:00:00.176263            server 2: 8.8.4.4
00:00:00.176263            no domain set
00:00:00.176264            no search string entries
00:00:00.178607          VD: VDInit finished with VINF_SUCCESS
00:00:00.182144          ERROR [COM]: aRC=E_FAIL (0x80004005) aIID={300763af-5d6b-46e6-aa96-273eac15538a} aComponent={MachineWrap} aText={Runtime error opening 'C:\Users\Lenovo\VirtualBox VMs\MSDOS\MSDOS.vbox' for reading VERR_PATH_NOT_FOUND (Path not found.).
00:00:00.182163          D:\tinderboxa\win-7.0\src\VBox\Main\src-server\MachineImpl.cpp[1011] (long __cdecl Machine::i_registeredInit(void))}, preserve=false aResultDetail=0
00:00:00.182862          ERROR [COM]: aRC=E_FAIL (0x80004005) aIID={300763af-5d6b-46e6-aa96-273eac15538a} aComponent={MachineWrap} aText={Runtime error opening 'C:\Users\Lenovo\VirtualBox VMs\Ubuntu\Ubuntu.vbox' for reading VERR_PATH_NOT_FOUND (Path not found.).
00:00:00.182866          D:\tinderboxa\win-7.0\src\VBox\Main\src-server\MachineImpl.cpp[1011] (long __cdecl Machine::i_registeredInit(void))}, preserve=false aResultDetail=0
00:00:00.183389          ERROR [COM]: aRC=E_FAIL (0x80004005) aIID={300763af-5d6b-46e6-aa96-273eac15538a} aComponent={MachineWrap} aText={Runtime error opening 'C:\Program Files\Huawei\eNSP\VBoxServer\AR_Base\AR_Base.vbox' for reading VERR_PATH_NOT_FOUND (Path not found.).
00:00:00.183393          D:\tinderboxa\win-7.0\src\VBox\Main\src-server\MachineImpl.cpp[1011] (long __cdecl Machine::i_registeredInit(void))}, preserve=false aResultDetail=0
00:00:00.183850          ERROR [COM]: aRC=E_FAIL (0x80004005) aIID={300763af-5d6b-46e6-aa96-273eac15538a} aComponent={MachineWrap} aText={Runtime error opening 'C:\Program Files\Huawei\eNSP\VBoxServer\WLAN_AC_Base\WLAN_AC_Base.vbox' for reading VERR_PATH_NOT_FOUND (Path not found.).
00:00:00.183853          D:\tinderboxa\win-7.0\src\VBox\Main\src-server\MachineImpl.cpp[1011] (long __cdecl Machine::i_registeredInit(void))}, preserve=false aResultDetail=0
00:00:00.184309          ERROR [COM]: aRC=E_FAIL (0x80004005) aIID={300763af-5d6b-46e6-aa96-273eac15538a} aComponent={MachineWrap} aText={Runtime error opening 'C:\Program Files\Huawei\eNSP\VBoxServer\WLAN_AD_Base\WLAN_AD_Base.vbox' for reading VERR_PATH_NOT_FOUND (Path not found.).
00:00:00.184313          D:\tinderboxa\win-7.0\src\VBox\Main\src-server\MachineImpl.cpp[1011] (long __cdecl Machine::i_registeredInit(void))}, preserve=false aResultDetail=0
00:00:00.184699          ERROR [COM]: aRC=E_FAIL (0x80004005) aIID={300763af-5d6b-46e6-aa96-273eac15538a} aComponent={MachineWrap} aText={Runtime error opening 'C:\Program Files\Huawei\eNSP\VBoxServer\WLAN_SAP_Base\WLAN_SAP_Base.vbox' for reading VERR_PATH_NOT_FOUND (Path not found.).
00:00:00.184702          D:\tinderboxa\win-7.0\src\VBox\Main\src-server\MachineImpl.cpp[1011] (long __cdecl Machine::i_registeredInit(void))}, preserve=false aResultDetail=0
00:00:00.185004          ERROR [COM]: aRC=E_FAIL (0x80004005) aIID={300763af-5d6b-46e6-aa96-273eac15538a} aComponent={MachineWrap} aText={Runtime error opening 'C:\Program Files\Huawei\eNSP\VBoxServer\WLAN_AP_Base\WLAN_AP_Base.vbox' for reading VERR_PATH_NOT_FOUND (Path not found.).
00:00:00.185007          D:\tinderboxa\win-7.0\src\VBox\Main\src-server\MachineImpl.cpp[1011] (long __cdecl Machine::i_registeredInit(void))}, preserve=false aResultDetail=0
00:00:00.185336          ERROR [COM]: aRC=E_FAIL (0x80004005) aIID={300763af-5d6b-46e6-aa96-273eac15538a} aComponent={MachineWrap} aText={Runtime error opening 'C:\Users\Lenovo\AppData\Local\eNSP\VBoxServer\devices\507A3FCC-FBED-4b87-86B2-2311C6AE7F9E\AR_Clone_507A3FCC-FBED-4b87-86B2-2311C6AE7F9E\AR_Clone_507A3FCC-FBED-4b87-86B2-2311C6AE7F9E.vbox' for reading VERR_PATH_NOT_FOUND (Path not found.).
00:00:00.185338          D:\tinderboxa\win-7.0\src\VBox\Main\src-server\MachineImpl.cpp[1011] (long __cdecl Machine::i_registeredInit(void))}, preserve=false aResultDetail=0
00:00:00.194533          Loading settings file "C:\Users\Lenovo\VirtualBox VMs\windowsism\windowsism.vbox" with version "1.19-windows"
00:00:00.195891          Loading settings file "C:\Users\Lenovo\VirtualBox VMs\linux\linux.vbox" with version "1.19-windows"
00:00:00.196880          VirtualBox: object created
00:00:00.271486          Saving settings file "C:\Users\Lenovo\.VirtualBox\VirtualBox.xml" with version "1.12-windows"
00:00:00.277080          Finished saving settings file "C:\Users\Lenovo\.VirtualBox\VirtualBox.xml"
00:00:00.277391          Saving settings file "C:\Users\Lenovo\.VirtualBox\VirtualBox.xml" with version "1.12-windows"
00:00:00.283887          Finished saving settings file "C:\Users\Lenovo\.VirtualBox\VirtualBox.xml"
00:00:00.284252          Saving settings file "C:\Users\Lenovo\.VirtualBox\VirtualBox.xml" with version "1.12-windows"
00:00:00.287336          Finished saving settings file "C:\Users\Lenovo\.VirtualBox\VirtualBox.xml"
00:00:00.665368          ERROR [COM]: aRC=E_FAIL (0x80004005) aIID={300763af-5d6b-46e6-aa96-273eac15538a} aComponent={MachineWrap} aText={Runtime error opening 'C:\Users\Lenovo\VirtualBox VMs\MSDOS\MSDOS.vbox' for reading VERR_PATH_NOT_FOUND (Path not found.).
00:00:00.665373          D:\tinderboxa\win-7.0\src\VBox\Main\src-server\MachineImpl.cpp[1011] (long __cdecl Machine::i_registeredInit(void))}, preserve=false aResultDetail=0
00:00:00.666105          ERROR [COM]: aRC=E_FAIL (0x80004005) aIID={300763af-5d6b-46e6-aa96-273eac15538a} aComponent={MachineWrap} aText={Runtime error opening 'C:\Users\Lenovo\VirtualBox VMs\MSDOS\MSDOS.vbox' for reading VERR_PATH_NOT_FOUND (Path not found.).
00:00:00.666108          D:\tinderboxa\win-7.0\src\VBox\Main\src-server\MachineImpl.cpp[1011] (long __cdecl Machine::i_registeredInit(void))}, preserve=false aResultDetail=0
00:00:00.667523          ERROR [COM]: aRC=E_FAIL (0x80004005) aIID={300763af-5d6b-46e6-aa96-273eac15538a} aComponent={MachineWrap} aText={Runtime error opening 'C:\Users\Lenovo\VirtualBox VMs\MSDOS\MSDOS.vbox' for reading VERR_PATH_NOT_FOUND (Path not found.).
00:00:00.667528          D:\tinderboxa\win-7.0\src\VBox\Main\src-server\MachineImpl.cpp[1011] (long __cdecl Machine::i_registeredInit(void))}, preserve=false aResultDetail=0
00:00:00.673463          ERROR [COM]: aRC=E_FAIL (0x80004005) aIID={300763af-5d6b-46e6-aa96-273eac15538a} aComponent={MachineWrap} aText={Runtime error opening 'C:\Users\Lenovo\VirtualBox VMs\Ubuntu\Ubuntu.vbox' for reading VERR_PATH_NOT_FOUND (Path not found.).
00:00:00.673468          D:\tinderboxa\win-7.0\src\VBox\Main\src-server\MachineImpl.cpp[1011] (long __cdecl Machine::i_registeredInit(void))}, preserve=false aResultDetail=0
00:00:00.674048          ERROR [COM]: aRC=E_FAIL (0x80004005) aIID={300763af-5d6b-46e6-aa96-273eac15538a} aComponent={MachineWrap} aText={Runtime error opening 'C:\Users\Lenovo\VirtualBox VMs\Ubuntu\Ubuntu.vbox' for reading VERR_PATH_NOT_FOUND (Path not found.).
00:00:00.674051          D:\tinderboxa\win-7.0\src\VBox\Main\src-server\MachineImpl.cpp[1011] (long __cdecl Machine::i_registeredInit(void))}, preserve=false aResultDetail=0
00:00:00.674905          ERROR [COM]: aRC=E_FAIL (0x80004005) aIID={300763af-5d6b-46e6-aa96-273eac15538a} aComponent={MachineWrap} aText={Runtime error opening 'C:\Users\Lenovo\VirtualBox VMs\Ubuntu\Ubuntu.vbox' for reading VERR_PATH_NOT_FOUND (Path not found.).
00:00:00.674909          D:\tinderboxa\win-7.0\src\VBox\Main\src-server\MachineImpl.cpp[1011] (long __cdecl Machine::i_registeredInit(void))}, preserve=false aResultDetail=0
00:00:00.676444          ERROR [COM]: aRC=E_FAIL (0x80004005) aIID={300763af-5d6b-46e6-aa96-273eac15538a} aComponent={MachineWrap} aText={Runtime error opening 'C:\Program Files\Huawei\eNSP\VBoxServer\AR_Base\AR_Base.vbox' for reading VERR_PATH_NOT_FOUND (Path not found.).
00:00:00.676448          D:\tinderboxa\win-7.0\src\VBox\Main\src-server\MachineImpl.cpp[1011] (long __cdecl Machine::i_registeredInit(void))}, preserve=false aResultDetail=0
00:00:00.676923          ERROR [COM]: aRC=E_FAIL (0x80004005) aIID={300763af-5d6b-46e6-aa96-273eac15538a} aComponent={MachineWrap} aText={Runtime error opening 'C:\Program Files\Huawei\eNSP\VBoxServer\AR_Base\AR_Base.vbox' for reading VERR_PATH_NOT_FOUND (Path not found.).
00:00:00.676926          D:\tinderboxa\win-7.0\src\VBox\Main\src-server\MachineImpl.cpp[1011] (long __cdecl Machine::i_registeredInit(void))}, preserve=false aResultDetail=0
00:00:00.677676          ERROR [COM]: aRC=E_FAIL (0x80004005) aIID={300763af-5d6b-46e6-aa96-273eac15538a} aComponent={MachineWrap} aText={Runtime error opening 'C:\Program Files\Huawei\eNSP\VBoxServer\AR_Base\AR_Base.vbox' for reading VERR_PATH_NOT_FOUND (Path not found.).
00:00:00.677679          D:\tinderboxa\win-7.0\src\VBox\Main\src-server\MachineImpl.cpp[1011] (long __cdecl Machine::i_registeredInit(void))}, preserve=false aResultDetail=0
00:00:00.679279          ERROR [COM]: aRC=E_FAIL (0x80004005) aIID={300763af-5d6b-46e6-aa96-273eac15538a} aComponent={MachineWrap} aText={Runtime error opening 'C:\Program Files\Huawei\eNSP\VBoxServer\WLAN_AC_Base\WLAN_AC_Base.vbox' for reading VERR_PATH_NOT_FOUND (Path not found.).
00:00:00.679282          D:\tinderboxa\win-7.0\src\VBox\Main\src-server\MachineImpl.cpp[1011] (long __cdecl Machine::i_registeredInit(void))}, preserve=false aResultDetail=0
00:00:00.679788          ERROR [COM]: aRC=E_FAIL (0x80004005) aIID={300763af-5d6b-46e6-aa96-273eac15538a} aComponent={MachineWrap} aText={Runtime error opening 'C:\Program Files\Huawei\eNSP\VBoxServer\WLAN_AC_Base\WLAN_AC_Base.vbox' for reading VERR_PATH_NOT_FOUND (Path not found.).
00:00:00.679790          D:\tinderboxa\win-7.0\src\VBox\Main\src-server\MachineImpl.cpp[1011] (long __cdecl Machine::i_registeredInit(void))}, preserve=false aResultDetail=0
00:00:00.680709          ERROR [COM]: aRC=E_FAIL (0x80004005) aIID={300763af-5d6b-46e6-aa96-273eac15538a} aComponent={MachineWrap} aText={Runtime error opening 'C:\Program Files\Huawei\eNSP\VBoxServer\WLAN_AC_Base\WLAN_AC_Base.vbox' for reading VERR_PATH_NOT_FOUND (Path not found.).
00:00:00.680713          D:\tinderboxa\win-7.0\src\VBox\Main\src-server\MachineImpl.cpp[1011] (long __cdecl Machine::i_registeredInit(void))}, preserve=false aResultDetail=0
00:00:00.682525          ERROR [COM]: aRC=E_FAIL (0x80004005) aIID={300763af-5d6b-46e6-aa96-273eac15538a} aComponent={MachineWrap} aText={Runtime error opening 'C:\Program Files\Huawei\eNSP\VBoxServer\WLAN_AD_Base\WLAN_AD_Base.vbox' for reading VERR_PATH_NOT_FOUND (Path not found.).
00:00:00.682529          D:\tinderboxa\win-7.0\src\VBox\Main\src-server\MachineImpl.cpp[1011] (long __cdecl Machine::i_registeredInit(void))}, preserve=false aResultDetail=0
00:00:00.683118          ERROR [COM]: aRC=E_FAIL (0x80004005) aIID={300763af-5d6b-46e6-aa96-273eac15538a} aComponent={MachineWrap} aText={Runtime error opening 'C:\Program Files\Huawei\eNSP\VBoxServer\WLAN_AD_Base\WLAN_AD_Base.vbox' for reading VERR_PATH_NOT_FOUND (Path not found.).
00:00:00.683121          D:\tinderboxa\win-7.0\src\VBox\Main\src-server\MachineImpl.cpp[1011] (long __cdecl Machine::i_registeredInit(void))}, preserve=false aResultDetail=0
00:00:00.684069          ERROR [COM]: aRC=E_FAIL (0x80004005) aIID={300763af-5d6b-46e6-aa96-273eac15538a} aComponent={MachineWrap} aText={Runtime error opening 'C:\Program Files\Huawei\eNSP\VBoxServer\WLAN_AD_Base\WLAN_AD_Base.vbox' for reading VERR_PATH_NOT_FOUND (Path not found.).
00:00:00.684072          D:\tinderboxa\win-7.0\src\VBox\Main\src-server\MachineImpl.cpp[1011] (long __cdecl Machine::i_registeredInit(void))}, preserve=false aResultDetail=0
00:00:00.685817          ERROR [COM]: aRC=E_FAIL (0x80004005) aIID={300763af-5d6b-46e6-aa96-273eac15538a} aComponent={MachineWrap} aText={Runtime error opening 'C:\Program Files\Huawei\eNSP\VBoxServer\WLAN_SAP_Base\WLAN_SAP_Base.vbox' for reading VERR_PATH_NOT_FOUND (Path not found.).
00:00:00.685820          D:\tinderboxa\win-7.0\src\VBox\Main\src-server\MachineImpl.cpp[1011] (long __cdecl Machine::i_registeredInit(void))}, preserve=false aResultDetail=0
00:00:00.686393          ERROR [COM]: aRC=E_FAIL (0x80004005) aIID={300763af-5d6b-46e6-aa96-273eac15538a} aComponent={MachineWrap} aText={Runtime error opening 'C:\Program Files\Huawei\eNSP\VBoxServer\WLAN_SAP_Base\WLAN_SAP_Base.vbox' for reading VERR_PATH_NOT_FOUND (Path not found.).
00:00:00.686397          D:\tinderboxa\win-7.0\src\VBox\Main\src-server\MachineImpl.cpp[1011] (long __cdecl Machine::i_registeredInit(void))}, preserve=false aResultDetail=0
00:00:00.687334          ERROR [COM]: aRC=E_FAIL (0x80004005) aIID={300763af-5d6b-46e6-aa96-273eac15538a} aComponent={MachineWrap} aText={Runtime error opening 'C:\Program Files\Huawei\eNSP\VBoxServer\WLAN_SAP_Base\WLAN_SAP_Base.vbox' for reading VERR_PATH_NOT_FOUND (Path not found.).
00:00:00.687338          D:\tinderboxa\win-7.0\src\VBox\Main\src-server\MachineImpl.cpp[1011] (long __cdecl Machine::i_registeredInit(void))}, preserve=false aResultDetail=0
00:00:00.689161          ERROR [COM]: aRC=E_FAIL (0x80004005) aIID={300763af-5d6b-46e6-aa96-273eac15538a} aComponent={MachineWrap} aText={Runtime error opening 'C:\Program Files\Huawei\eNSP\VBoxServer\WLAN_AP_Base\WLAN_AP_Base.vbox' for reading VERR_PATH_NOT_FOUND (Path not found.).
00:00:00.689165          D:\tinderboxa\win-7.0\src\VBox\Main\src-server\MachineImpl.cpp[1011] (long __cdecl Machine::i_registeredInit(void))}, preserve=false aResultDetail=0
00:00:00.689743          ERROR [COM]: aRC=E_FAIL (0x80004005) aIID={300763af-5d6b-46e6-aa96-273eac15538a} aComponent={MachineWrap} aText={Runtime error opening 'C:\Program Files\Huawei\eNSP\VBoxServer\WLAN_AP_Base\WLAN_AP_Base.vbox' for reading VERR_PATH_NOT_FOUND (Path not found.).
00:00:00.689747          D:\tinderboxa\win-7.0\src\VBox\Main\src-server\MachineImpl.cpp[1011] (long __cdecl Machine::i_registeredInit(void))}, preserve=false aResultDetail=0
00:00:00.690696          ERROR [COM]: aRC=E_FAIL (0x80004005) aIID={300763af-5d6b-46e6-aa96-273eac15538a} aComponent={MachineWrap} aText={Runtime error opening 'C:\Program Files\Huawei\eNSP\VBoxServer\WLAN_AP_Base\WLAN_AP_Base.vbox' for reading VERR_PATH_NOT_FOUND (Path not found.).
00:00:00.690700          D:\tinderboxa\win-7.0\src\VBox\Main\src-server\MachineImpl.cpp[1011] (long __cdecl Machine::i_registeredInit(void))}, preserve=false aResultDetail=0
00:00:00.692856          ERROR [COM]: aRC=E_FAIL (0x80004005) aIID={300763af-5d6b-46e6-aa96-273eac15538a} aComponent={MachineWrap} aText={Runtime error opening 'C:\Users\Lenovo\AppData\Local\eNSP\VBoxServer\devices\507A3FCC-FBED-4b87-86B2-2311C6AE7F9E\AR_Clone_507A3FCC-FBED-4b87-86B2-2311C6AE7F9E\AR_Clone_507A3FCC-FBED-4b87-86B2-2311C6AE7F9E.vbox' for reading VERR_PATH_NOT_FOUND (Path not found.).
00:00:00.692861          D:\tinderboxa\win-7.0\src\VBox\Main\src-server\MachineImpl.cpp[1011] (long __cdecl Machine::i_registeredInit(void))}, preserve=false aResultDetail=0
00:00:00.693710          ERROR [COM]: aRC=E_FAIL (0x80004005) aIID={300763af-5d6b-46e6-aa96-273eac15538a} aComponent={MachineWrap} aText={Runtime error opening 'C:\Users\Lenovo\AppData\Local\eNSP\VBoxServer\devices\507A3FCC-FBED-4b87-86B2-2311C6AE7F9E\AR_Clone_507A3FCC-FBED-4b87-86B2-2311C6AE7F9E\AR_Clone_507A3FCC-FBED-4b87-86B2-2311C6AE7F9E.vbox' for reading VERR_PATH_NOT_FOUND (Path not found.).
00:00:00.693714          D:\tinderboxa\win-7.0\src\VBox\Main\src-server\MachineImpl.cpp[1011] (long __cdecl Machine::i_registeredInit(void))}, preserve=false aResultDetail=0
00:00:00.694881          ERROR [COM]: aRC=E_FAIL (0x80004005) aIID={300763af-5d6b-46e6-aa96-273eac15538a} aComponent={MachineWrap} aText={Runtime error opening 'C:\Users\Lenovo\AppData\Local\eNSP\VBoxServer\devices\507A3FCC-FBED-4b87-86B2-2311C6AE7F9E\AR_Clone_507A3FCC-FBED-4b87-86B2-2311C6AE7F9E\AR_Clone_507A3FCC-FBED-4b87-86B2-2311C6AE7F9E.vbox' for reading VERR_PATH_NOT_FOUND (Path not found.).
00:00:00.694889          D:\tinderboxa\win-7.0\src\VBox\Main\src-server\MachineImpl.cpp[1011] (long __cdecl Machine::i_registeredInit(void))}, preserve=false aResultDetail=0
00:00:01.279687          netIfIsWireless: CreateFile on '\\.\{3143235F-D585-4C28-8B68-3DB21A533D1A}' failed with rcWin=2 (0x2) - ignoring
00:00:01.481998          ERROR [COM]: aRC=VBOX_E_INVALID_VM_STATE (0x80bb0002) aIID={300763af-5d6b-46e6-aa96-273eac15538a} aComponent={MachineWrap} aText={The machine is not mutable (state is PoweredOff)}, preserve=false aResultDetail=0
00:00:03.959979          Launched VM: 1914713344 pid: 12516 (0x30e4) frontend: GUI/Qt name: linux
00:00:03.979912          ERROR [COM]: aRC=VBOX_E_INVALID_VM_STATE (0x80bb0002) aIID={300763af-5d6b-46e6-aa96-273eac15538a} aComponent={MachineWrap} aText={The machine is not mutable (state is PoweredOff)}, preserve=false aResultDetail=0
00:00:08.850008          ERROR [COM]: aRC=VBOX_E_INVALID_VM_STATE (0x80bb0002) aIID={300763af-5d6b-46e6-aa96-273eac15538a} aComponent={MachineWrap} aText={The machine is not mutable (state is PoweredOff)}, preserve=false aResultDetail=0
00:00:09.325578          ERROR [COM]: aRC=VBOX_E_OBJECT_NOT_FOUND (0x80bb0001) aIID={70401eef-c8e9-466b-9660-45cb3e9979e4} aComponent={ExtPackManagerWrap} aText={No extension pack by the name 'Oracle VM VirtualBox Extension Pack' was found}, preserve=false aResultDetail=0
00:00:11.407250          ERROR [COM]: aRC=VBOX_E_IPRT_ERROR (0x80bb0005) aIID={300763af-5d6b-46e6-aa96-273eac15538a} aComponent={SessionMachine} aText={Saved screenshot data is not available (VERR_NOT_SUPPORTED)}, preserve=false aResultDetail=-37
00:00:11.526696          netIfIsWireless: CreateFile on '\\.\{3143235F-D585-4C28-8B68-3DB21A533D1A}' failed with rcWin=2 (0x2) - ignoring
00:00:11.683898          ERROR [COM]: aRC=VBOX_E_INVALID_VM_STATE (0x80bb0002) aIID={300763af-5d6b-46e6-aa96-273eac15538a} aComponent={MachineWrap} aText={The machine is not mutable (state is Starting)}, preserve=false aResultDetail=0
00:00:11.762417          ERROR [COM]: aRC=VBOX_E_INVALID_VM_STATE (0x80bb0002) aIID={300763af-5d6b-46e6-aa96-273eac15538a} aComponent={SessionMachine} aText={The machine is not mutable or saved (state is Starting)}, preserve=false aResultDetail=0
00:00:12.526434          ERROR [COM]: aRC=VBOX_E_OBJECT_NOT_FOUND (0x80bb0001) aIID={ad47ad09-787b-44ab-b343-a082a3f2dfb1} aComponent={MediumWrap} aText={Property 'CRYPT/KeyId' does not exist}, preserve=false aResultDetail=0
00:00:12.558995          ERROR [COM]: aRC=VBOX_E_INVALID_VM_STATE (0x80bb0002) aIID={300763af-5d6b-46e6-aa96-273eac15538a} aComponent={MachineWrap} aText={The machine is not mutable (state is Running)}, preserve=false aResultDetail=0
00:01:25.627328 USBPROXY usbLibGetDevices: Starting USB device enumeration
00:01:25.657351 USBPROXY Getting USB descriptor (id 0) failed (dwErr=31) on hub USB#ROOT_HUB30#4&4909672&0&0#{f18a0e88-c30c-11d0-8815-00a0c906bed8} port 5
00:01:25.657542 USBPROXY Getting USB descriptor (id 0) failed (dwErr=31) on hub USB#ROOT_HUB30#4&4909672&0&0#{f18a0e88-c30c-11d0-8815-00a0c906bed8} port 10
00:01:25.657867 USBPROXY usbLibGetDevices: Found 2 USB devices, 0 captured
00:02:44.371197 dns-monitor HostDnsMonitor: updating information
00:02:44.371227 dns-monitor HostDnsMonitor: unchanged
00:06:16.190797 dns-monitor HostDnsMonitor: updating information
00:06:16.190836 dns-monitor HostDnsMonitor: unchanged
00:36:04.837802 dns-monitor HostDnsMonitor: updating information
00:36:04.837940 dns-monitor HostDnsMonitor: unchanged
01:06:16.202735 dns-monitor HostDnsMonitor: updating information
01:06:16.202908 dns-monitor HostDnsMonitor: unchanged
02:06:16.211035 dns-monitor HostDnsMonitor: updating information
02:06:16.211559 dns-monitor HostDnsMonitor: unchanged
02:25:26.351326 dns-monitor HostDnsMonitor: updating information
02:25:26.351357 dns-monitor HostDnsMonitor: unchanged
02:39:28.593887          ERROR [COM]: aRC=VBOX_E_INVALID_VM_STATE (0x80bb0002) aIID={300763af-5d6b-46e6-aa96-273eac15538a} aComponent={MachineWrap} aText={The machine is not mutable (state is Paused)}, preserve=false aResultDetail=0
02:39:30.314503          ERROR [COM]: aRC=VBOX_E_INVALID_VM_STATE (0x80bb0002) aIID={300763af-5d6b-46e6-aa96-273eac15538a} aComponent={MachineWrap} aText={The machine is not mutable (state is Stopping)}, preserve=false aResultDetail=0
02:39:30.615294          Saving settings file "C:\Users\Lenovo\VirtualBox VMs\linux\linux.vbox" with version "1.19-windows"
02:39:30.622186          Finished saving settings file "C:\Users\Lenovo\VirtualBox VMs\linux\linux.vbox"
02:39:30.696136          ERROR [COM]: aRC=VBOX_E_INVALID_VM_STATE (0x80bb0002) aIID={300763af-5d6b-46e6-aa96-273eac15538a} aComponent={MachineWrap} aText={The machine is not mutable (state is PoweredOff)}, preserve=false aResultDetail=0
02:39:31.682506          ERROR [COM]: aRC=VBOX_E_INVALID_VM_STATE (0x80bb0002) aIID={300763af-5d6b-46e6-aa96-273eac15538a} aComponent={MachineWrap} aText={The machine is not mutable (state is PoweredOff)}, preserve=false aResultDetail=0
02:39:40.100370 main     VirtualBox: object deletion starts
02:39:40.101833 main     ERROR [COM]: aRC=VBOX_E_OBJECT_IN_USE (0x80bb000c) aIID={ad47ad09-787b-44ab-b343-a082a3f2dfb1} aComponent={MediumWrap} aText={Medium 'C:\Users\Lenovo\VirtualBox VMs\windowsism\windowsism.vdi' cannot be closed because it is still attached to 1 virtual machines}, preserve=false aResultDetail=0
02:39:40.105304 main     ERROR [COM]: aRC=VBOX_E_OBJECT_IN_USE (0x80bb000c) aIID={ad47ad09-787b-44ab-b343-a082a3f2dfb1} aComponent={MediumWrap} aText={Medium 'C:\Users\Lenovo\VirtualBox VMs\linux\linux.vdi' cannot be closed because it is still attached to 1 virtual machines}, preserve=false aResultDetail=0
02:39:40.108974 main     HostDnsMonitor: shutting down ...
02:39:40.109348 main     HostDnsMonitor: shut down
02:39:40.125897 Watcher  ERROR [COM]: aRC=E_ACCESSDENIED (0x80070005) aIID={7682d5eb-f00e-44f1-8ca2-99d08b1cd607} aComponent={VirtualBoxWrap} aText={The object is not ready}, preserve=false aResultDetail=0
02:39:40.126594 main     VirtualBox: object deleted
